src/presentation/features/lesson/MermaidDiagram.tsx(4,21): error TS2307: Cannot find module 'mermaid' or its corresponding type declarations.
src/presentation/features/lesson/MermaidDiagram.tsx(32,51): error TS7031: Binding element 'svg' implicitly has an 'any' type.
src/presentation/features/lesson/MermaidDiagram.tsx(34,27): error TS7006: Parameter 'error' implicitly has an 'any' type.
